mode: atomic
github.com/coderaiser/go-subscriber/cmd/subscriber/main.go:7.13,9.2 1 0
github.com/coderaiser/go-subscriber/cmd/subscriber/server.go:17.16,21.16 3 0
github.com/coderaiser/go-subscriber/cmd/subscriber/server.go:21.16,23.3 1 0
github.com/coderaiser/go-subscriber/cmd/subscriber/server.go:25.2,25.25 1 0
github.com/coderaiser/go-subscriber/cmd/subscriber/server.go:28.47,32.16 4 1
github.com/coderaiser/go-subscriber/cmd/subscriber/server.go:32.16,35.3 2 0
github.com/coderaiser/go-subscriber/cmd/subscriber/server.go:37.2,50.45 8 1
github.com/coderaiser/go-subscriber/cmd/subscriber/server.go:50.45,53.3 2 1
github.com/coderaiser/go-subscriber/cmd/subscriber/server.go:54.2,54.10 1 0
github.com/coderaiser/go-subscriber/cmd/subscriber/server.go:57.59,60.2 2 2
github.com/coderaiser/go-subscriber/cmd/subscriber/server.go:62.58,65.2 2 1
github.com/coderaiser/go-subscriber/cmd/subscriber/server.go:67.31,69.21 2 5
github.com/coderaiser/go-subscriber/cmd/subscriber/server.go:69.21,70.30 1 3
github.com/coderaiser/go-subscriber/cmd/subscriber/server.go:70.30,72.4 1 1
github.com/coderaiser/go-subscriber/cmd/subscriber/server.go:72.9,74.4 1 2
github.com/coderaiser/go-subscriber/cmd/subscriber/server.go:77.2,79.19 3 5
github.com/coderaiser/go-subscriber/cmd/subscriber/server.go:80.14,81.43 1 2
github.com/coderaiser/go-subscriber/cmd/subscriber/server.go:82.10,83.43 1 3
github.com/coderaiser/go-subscriber/cmd/subscriber/server.go:85.2,85.20 1 5
github.com/coderaiser/go-subscriber/cmd/subscriber/server.go:88.72,105.12 14 1
github.com/coderaiser/go-subscriber/cmd/subscriber/server.go:105.12,108.3 2 1
github.com/coderaiser/go-subscriber/cmd/subscriber/server.go:110.2,110.48 1 1
github.com/coderaiser/go-subscriber/cmd/subscriber/server.go:115.47,115.69 1 0
github.com/coderaiser/go-subscriber/internal/debug/debug.go:16.44,17.25 1 7
github.com/coderaiser/go-subscriber/internal/debug/debug.go:17.25,19.3 1 2
github.com/coderaiser/go-subscriber/internal/debug/debug.go:21.2,24.39 3 5
github.com/coderaiser/go-subscriber/internal/debug/debug.go:24.39,26.3 1 1
github.com/coderaiser/go-subscriber/internal/debug/debug.go:26.8,28.3 1 4
github.com/coderaiser/go-subscriber/internal/debug/debug.go:30.2,30.42 1 5
github.com/coderaiser/go-subscriber/internal/debug/debug.go:33.37,36.2 2 7
github.com/coderaiser/go-subscriber/internal/debug/debug.go:41.63,41.79 1 0
github.com/coderaiser/go-subscriber/internal/debug/debug.go:42.64,42.78 1 0
github.com/coderaiser/go-subscriber/internal/debug/debug.go:43.64,43.88 1 0
github.com/coderaiser/go-subscriber/internal/debug/debug.go:44.64,44.88 1 0
github.com/coderaiser/go-subscriber/internal/engine/engine.go:32.11,33.47 1 31
github.com/coderaiser/go-subscriber/internal/engine/engine.go:33.47,34.12 1 558
github.com/coderaiser/go-subscriber/internal/engine/engine.go:35.79,36.17 1 558
github.com/coderaiser/go-subscriber/internal/engine/engine.go:38.3,38.47 1 0
github.com/coderaiser/go-subscriber/internal/engine/engine.go:40.2,40.47 1 31
github.com/coderaiser/go-subscriber/internal/engine/engine.go:40.47,41.12 1 279
github.com/coderaiser/go-subscriber/internal/engine/engine.go:45.21,46.17 1 279
github.com/coderaiser/go-subscriber/internal/engine/engine.go:48.3,48.47 1 0
github.com/coderaiser/go-subscriber/internal/engine/engine.go:51.2,52.16 2 31
github.com/coderaiser/go-subscriber/internal/engine/engine.go:52.16,55.3 2 0
github.com/coderaiser/go-subscriber/internal/engine/engine.go:56.2,64.3 2 31
github.com/coderaiser/go-subscriber/internal/engine/engine.go:67.43,67.78 1 61
github.com/coderaiser/go-subscriber/internal/engine/engine.go:69.44,71.30 2 61
github.com/coderaiser/go-subscriber/internal/engine/engine.go:71.30,73.3 1 30
github.com/coderaiser/go-subscriber/internal/engine/engine.go:74.2,74.13 1 31
github.com/coderaiser/go-subscriber/internal/engine/engine.go:78.72,81.64 3 28
github.com/coderaiser/go-subscriber/internal/engine/engine.go:81.64,83.3 1 1
github.com/coderaiser/go-subscriber/internal/engine/engine.go:85.2,86.28 2 27
github.com/coderaiser/go-subscriber/internal/engine/engine.go:86.28,87.42 1 2
github.com/coderaiser/go-subscriber/internal/engine/engine.go:87.42,89.4 1 1
github.com/coderaiser/go-subscriber/internal/engine/engine.go:92.2,92.11 1 26
github.com/coderaiser/go-subscriber/internal/engine/engine.go:92.11,94.3 1 4
github.com/coderaiser/go-subscriber/internal/engine/engine.go:95.2,95.38 1 22
github.com/coderaiser/go-subscriber/internal/engine/engine.go:99.62,102.17 3 6
github.com/coderaiser/go-subscriber/internal/engine/engine.go:102.17,104.3 1 1
github.com/coderaiser/go-subscriber/internal/engine/engine.go:106.2,109.16 3 5
github.com/coderaiser/go-subscriber/internal/engine/engine.go:109.16,111.3 1 0
github.com/coderaiser/go-subscriber/internal/engine/engine.go:112.2,112.13 1 5
github.com/coderaiser/go-subscriber/internal/engine/engine.go:116.86,119.17 3 16
github.com/coderaiser/go-subscriber/internal/engine/engine.go:119.17,121.3 1 1
github.com/coderaiser/go-subscriber/internal/engine/engine.go:123.2,123.16 1 15
github.com/coderaiser/go-subscriber/internal/engine/engine.go:124.21,127.14 3 1
github.com/coderaiser/go-subscriber/internal/engine/engine.go:128.24,132.48 4 4
github.com/coderaiser/go-subscriber/internal/engine/engine.go:132.48,134.4 1 3
github.com/coderaiser/go-subscriber/internal/engine/engine.go:135.3,138.14 4 1
github.com/coderaiser/go-subscriber/internal/engine/engine.go:139.46,141.14 2 6
github.com/coderaiser/go-subscriber/internal/engine/engine.go:142.75,143.15 1 4
github.com/coderaiser/go-subscriber/internal/engine/engine.go:145.2,145.14 1 0
github.com/coderaiser/go-subscriber/internal/engine/engine.go:149.76,152.25 3 4
github.com/coderaiser/go-subscriber/internal/engine/engine.go:152.25,154.3 1 2
github.com/coderaiser/go-subscriber/internal/engine/engine.go:156.2,157.13 2 2
github.com/coderaiser/go-subscriber/internal/engine/engine.go:157.13,159.3 1 1
github.com/coderaiser/go-subscriber/internal/engine/engine.go:159.8,161.3 1 1
github.com/coderaiser/go-subscriber/internal/engine/engine.go:162.2,163.13 2 2
github.com/coderaiser/go-subscriber/internal/engine/engine.go:167.70,170.29 3 4
github.com/coderaiser/go-subscriber/internal/engine/engine.go:170.29,172.3 1 2
github.com/coderaiser/go-subscriber/internal/engine/engine.go:174.2,175.13 2 2
github.com/coderaiser/go-subscriber/internal/engine/engine.go:175.13,177.3 1 1
github.com/coderaiser/go-subscriber/internal/engine/engine.go:177.8,179.3 1 1
github.com/coderaiser/go-subscriber/internal/engine/engine.go:180.2,181.13 2 2
github.com/coderaiser/go-subscriber/internal/engine/engine.go:185.58,188.29 3 3
github.com/coderaiser/go-subscriber/internal/engine/engine.go:188.29,190.3 1 2
github.com/coderaiser/go-subscriber/internal/engine/engine.go:192.2,193.13 2 1
github.com/coderaiser/go-subscriber/internal/handler/handler.go:12.69,15.76 2 11
github.com/coderaiser/go-subscriber/internal/handler/handler.go:15.76,16.34 1 11
github.com/coderaiser/go-subscriber/internal/handler/handler.go:16.34,19.4 2 0
github.com/coderaiser/go-subscriber/internal/handler/handler.go:21.3,26.63 2 11
github.com/coderaiser/go-subscriber/internal/handler/handler.go:26.63,29.4 2 1
github.com/coderaiser/go-subscriber/internal/handler/handler.go:31.3,32.69 2 10
github.com/coderaiser/go-subscriber/internal/handler/handler.go:32.69,35.4 2 1
github.com/coderaiser/go-subscriber/internal/handler/handler.go:36.3,36.17 1 9
github.com/coderaiser/go-subscriber/internal/handler/handler.go:36.17,39.4 2 0
github.com/coderaiser/go-subscriber/internal/handler/handler.go:41.3,41.64 1 9
github.com/coderaiser/go-subscriber/internal/handler/handler.go:44.2,44.78 1 11
github.com/coderaiser/go-subscriber/internal/handler/handler.go:44.78,45.34 1 1
github.com/coderaiser/go-subscriber/internal/handler/handler.go:45.34,48.4 2 0
github.com/coderaiser/go-subscriber/internal/handler/handler.go:50.3,54.63 2 1
github.com/coderaiser/go-subscriber/internal/handler/handler.go:54.63,57.4 2 0
github.com/coderaiser/go-subscriber/internal/handler/handler.go:59.3,60.65 2 1
github.com/coderaiser/go-subscriber/internal/handler/handler.go:63.2,63.80 1 11
github.com/coderaiser/go-subscriber/internal/handler/handler.go:63.80,64.34 1 3
github.com/coderaiser/go-subscriber/internal/handler/handler.go:64.34,67.4 2 0
github.com/coderaiser/go-subscriber/internal/handler/handler.go:69.3,74.63 2 3
github.com/coderaiser/go-subscriber/internal/handler/handler.go:74.63,77.4 2 0
github.com/coderaiser/go-subscriber/internal/handler/handler.go:79.3,80.18 2 3
github.com/coderaiser/go-subscriber/internal/handler/handler.go:80.18,83.4 2 0
github.com/coderaiser/go-subscriber/internal/handler/handler.go:84.3,84.65 1 3
github.com/coderaiser/go-subscriber/internal/handler/handler.go:87.2,87.72 1 11
github.com/coderaiser/go-subscriber/internal/handler/handler.go:87.72,88.34 1 1
github.com/coderaiser/go-subscriber/internal/handler/handler.go:88.34,91.4 2 0
github.com/coderaiser/go-subscriber/internal/handler/handler.go:93.3,98.63 2 1
github.com/coderaiser/go-subscriber/internal/handler/handler.go:98.63,101.4 2 0
github.com/coderaiser/go-subscriber/internal/handler/handler.go:103.3,104.19 2 1
github.com/coderaiser/go-subscriber/internal/handler/handler.go:104.19,106.4 1 1
github.com/coderaiser/go-subscriber/internal/handler/handler.go:106.9,108.4 1 0
github.com/coderaiser/go-subscriber/internal/handler/handler.go:109.3,110.18 2 1
github.com/coderaiser/go-subscriber/internal/handler/handler.go:110.18,113.4 2 0
github.com/coderaiser/go-subscriber/internal/handler/handler.go:114.3,114.65 1 1
github.com/coderaiser/go-subscriber/internal/handler/handler.go:117.2,117.79 1 11
github.com/coderaiser/go-subscriber/internal/handler/handler.go:117.79,118.34 1 1
github.com/coderaiser/go-subscriber/internal/handler/handler.go:118.34,121.4 2 0
github.com/coderaiser/go-subscriber/internal/handler/handler.go:123.3,128.63 2 1
github.com/coderaiser/go-subscriber/internal/handler/handler.go:128.63,131.4 2 0
github.com/coderaiser/go-subscriber/internal/handler/handler.go:133.3,134.18 2 1
github.com/coderaiser/go-subscriber/internal/handler/handler.go:134.18,137.4 2 0
github.com/coderaiser/go-subscriber/internal/handler/handler.go:138.3,138.65 1 1
github.com/coderaiser/go-subscriber/internal/handler/handler.go:141.2,141.72 1 11
github.com/coderaiser/go-subscriber/internal/handler/handler.go:141.72,142.34 1 1
github.com/coderaiser/go-subscriber/internal/handler/handler.go:142.34,145.4 2 0
github.com/coderaiser/go-subscriber/internal/handler/handler.go:147.3,152.63 2 1
github.com/coderaiser/go-subscriber/internal/handler/handler.go:152.63,155.4 2 0
github.com/coderaiser/go-subscriber/internal/handler/handler.go:157.3,158.18 2 1
github.com/coderaiser/go-subscriber/internal/handler/handler.go:158.18,161.4 2 0
github.com/coderaiser/go-subscriber/internal/handler/handler.go:162.3,162.65 1 1
github.com/coderaiser/go-subscriber/internal/handler/handler.go:165.2,165.75 1 11
github.com/coderaiser/go-subscriber/internal/handler/handler.go:165.75,166.34 1 1
github.com/coderaiser/go-subscriber/internal/handler/handler.go:166.34,169.4 2 0
github.com/coderaiser/go-subscriber/internal/handler/handler.go:171.3,175.63 2 1
github.com/coderaiser/go-subscriber/internal/handler/handler.go:175.63,178.4 2 0
github.com/coderaiser/go-subscriber/internal/handler/handler.go:180.3,181.18 2 1
github.com/coderaiser/go-subscriber/internal/handler/handler.go:181.18,184.4 2 0
github.com/coderaiser/go-subscriber/internal/handler/handler.go:185.3,185.65 1 1
github.com/coderaiser/go-subscriber/internal/handler/handler.go:188.2,188.73 1 11
github.com/coderaiser/go-subscriber/internal/handler/handler.go:188.73,189.33 1 1
github.com/coderaiser/go-subscriber/internal/handler/handler.go:189.33,192.4 2 0
github.com/coderaiser/go-subscriber/internal/handler/handler.go:194.3,195.19 2 1
github.com/coderaiser/go-subscriber/internal/handler/handler.go:195.19,198.4 2 0
github.com/coderaiser/go-subscriber/internal/handler/handler.go:200.3,202.25 3 1
github.com/coderaiser/go-subscriber/internal/handler/handler.go:202.25,203.40 1 1
github.com/coderaiser/go-subscriber/internal/handler/handler.go:203.40,209.5 2 1
github.com/coderaiser/go-subscriber/internal/handler/handler.go:212.3,216.22 2 1
github.com/coderaiser/go-subscriber/internal/handler/handler.go:216.22,218.4 1 0
github.com/coderaiser/go-subscriber/internal/handler/handler.go:220.3,220.36 1 1
github.com/coderaiser/go-subscriber/internal/handler/handler.go:223.2,223.74 1 11
github.com/coderaiser/go-subscriber/internal/handler/handler.go:223.74,225.3 1 1
github.com/coderaiser/go-subscriber/internal/handler/handler.go:227.2,227.12 1 11
github.com/coderaiser/go-subscriber/internal/handler/handler.go:230.58,234.2 3 21
github.com/coderaiser/go-subscriber/internal/statemachine/statemachine.go:26.54,26.71 1 14
github.com/coderaiser/go-subscriber/internal/statemachine/statemachine.go:63.27,72.41 2 14
github.com/coderaiser/go-subscriber/internal/statemachine/statemachine.go:72.41,74.17 2 26
github.com/coderaiser/go-subscriber/internal/statemachine/statemachine.go:74.17,76.4 1 1
github.com/coderaiser/go-subscriber/internal/statemachine/statemachine.go:77.3,78.17 2 25
github.com/coderaiser/go-subscriber/internal/statemachine/statemachine.go:78.17,80.4 1 1
github.com/coderaiser/go-subscriber/internal/statemachine/statemachine.go:81.3,82.17 2 24
github.com/coderaiser/go-subscriber/internal/statemachine/statemachine.go:82.17,84.4 1 1
github.com/coderaiser/go-subscriber/internal/statemachine/statemachine.go:85.3,85.33 1 23
github.com/coderaiser/go-subscriber/internal/statemachine/statemachine.go:85.33,87.4 1 17
github.com/coderaiser/go-subscriber/internal/statemachine/statemachine.go:88.3,88.32 1 23
github.com/coderaiser/go-subscriber/internal/statemachine/statemachine.go:91.2,91.15 1 11
github.com/coderaiser/go-subscriber/internal/statemachine/statemachine.go:95.54,97.2 1 0
github.com/coderaiser/go-subscriber/internal/statemachine/statemachine.go:100.57,102.2 1 1
github.com/coderaiser/go-subscriber/internal/statemachine/statemachine.go:105.42,107.2 1 1
github.com/coderaiser/go-subscriber/internal/statemachine/statemachine.go:110.67,111.27 1 2
github.com/coderaiser/go-subscriber/internal/statemachine/statemachine.go:111.27,113.3 1 2
github.com/coderaiser/go-subscriber/internal/statemachine/statemachine.go:114.2,114.59 1 2
github.com/coderaiser/go-subscriber/internal/statemachine/statemachine.go:118.72,122.16 3 10
github.com/coderaiser/go-subscriber/internal/statemachine/statemachine.go:122.16,124.3 1 1
github.com/coderaiser/go-subscriber/internal/statemachine/statemachine.go:126.2,127.16 2 9
github.com/coderaiser/go-subscriber/internal/statemachine/statemachine.go:127.16,128.23 1 8
github.com/coderaiser/go-subscriber/internal/statemachine/statemachine.go:128.23,130.4 1 1
github.com/coderaiser/go-subscriber/internal/statemachine/statemachine.go:132.8,134.3 1 1
github.com/coderaiser/go-subscriber/internal/statemachine/statemachine.go:136.2,137.9 2 9
github.com/coderaiser/go-subscriber/internal/statemachine/statemachine.go:137.9,139.3 1 0
github.com/coderaiser/go-subscriber/internal/statemachine/statemachine.go:141.2,142.9 2 9
github.com/coderaiser/go-subscriber/internal/statemachine/statemachine.go:142.9,144.3 1 2
github.com/coderaiser/go-subscriber/internal/statemachine/statemachine.go:146.2,146.48 1 7
github.com/coderaiser/go-subscriber/internal/statemachine/statemachine.go:146.48,148.3 1 1
github.com/coderaiser/go-subscriber/internal/statemachine/statemachine.go:150.2,152.46 2 6
github.com/coderaiser/go-subscriber/internal/statemachine/statemachine.go:152.46,154.28 2 2
github.com/coderaiser/go-subscriber/internal/statemachine/statemachine.go:154.28,155.34 1 2
github.com/coderaiser/go-subscriber/internal/statemachine/statemachine.go:155.34,157.5 1 1
github.com/coderaiser/go-subscriber/internal/statemachine/statemachine.go:161.2,161.18 1 5
github.com/coderaiser/go-subscriber/internal/statemachine/statemachine.go:164.81,167.14 3 2
github.com/coderaiser/go-subscriber/internal/statemachine/statemachine.go:167.14,168.21 1 1
github.com/coderaiser/go-subscriber/internal/statemachine/statemachine.go:170.2,170.18 1 1
github.com/coderaiser/go-subscriber/internal/statemachine/statemachine.go:174.42,175.43 1 2
github.com/coderaiser/go-subscriber/internal/statemachine/statemachine.go:175.43,176.23 1 3
github.com/coderaiser/go-subscriber/internal/statemachine/statemachine.go:176.23,178.4 1 1
github.com/coderaiser/go-subscriber/internal/statemachine/statemachine.go:180.2,180.12 1 1
github.com/coderaiser/go-subscriber/internal/statemachine/statemachine.go:188.43,190.2 1 15
github.com/coderaiser/go-subscriber/internal/statemachine/statemachine.go:192.48,194.9 2 12
github.com/coderaiser/go-subscriber/internal/statemachine/statemachine.go:194.9,196.3 1 9
github.com/coderaiser/go-subscriber/internal/statemachine/statemachine.go:197.2,197.16 1 3
github.com/coderaiser/go-subscriber/internal/statemachine/statemachine.go:200.51,203.2 2 8
github.com/coderaiser/go-subscriber/internal/statemachine/statemachine.go:207.63,207.79 1 6
github.com/coderaiser/go-subscriber/internal/statemachine/statemachine.go:208.64,208.78 1 0
github.com/coderaiser/go-subscriber/internal/statemachine/statemachine.go:209.58,209.82 1 0
github.com/coderaiser/go-subscriber/internal/statemachine/statemachine.go:210.58,210.82 1 0
github.com/coderaiser/go-subscriber/internal/store/facts.go:18.34,20.2 1 4
github.com/coderaiser/go-subscriber/internal/store/facts.go:22.43,26.2 3 4
github.com/coderaiser/go-subscriber/internal/store/facts.go:28.50,32.2 3 4
github.com/coderaiser/go-subscriber/internal/store/state.go:15.34,17.2 1 7
github.com/coderaiser/go-subscriber/internal/store/state.go:19.54,23.9 4 6
github.com/coderaiser/go-subscriber/internal/store/state.go:23.9,25.3 1 2
github.com/coderaiser/go-subscriber/internal/store/state.go:26.2,26.16 1 4
github.com/coderaiser/go-subscriber/internal/store/state.go:29.57,34.2 4 8
github.com/coderaiser/go-subscriber/internal/store/state.go:36.46,40.29 4 0
github.com/coderaiser/go-subscriber/internal/store/state.go:40.29,42.3 1 0
github.com/coderaiser/go-subscriber/internal/store/state.go:43.2,43.15 1 0
